ed
[    0.000000] efi: EFI v2.7 by EDK II
[    0.000000] efi: SMBIOS=0xbbe6a000 ACPI=0xbbf5d000 ACPI 2.0=0xbbf5d014 MEMATTR=0xba618518 MOKvar=0xbbe58000 INITRD=0xb9ecdf18 
[    0.000000] SMBIOS 2.7 present.
[    0.000000] DMI: Amazon EC2 t3.medium/, BIOS 1.0 10/16/2017
[    0.000000] DMI: Memory slots populated: 1/1
[    0.000000] secureboot: Secure boot disabled
[    0.000000] Hypervisor detected: KVM
[    0.000000] last_pfn = 0xbff7c max_arch_pfn = 0x400000000
[    0.000000] kvm-clock: Using msrs 4b564d01 and 4b564d00
[    0.000000] kvm-clock: using sched offset of 1836181560 cycles
[    0.000003] clocksource: kvm-clock: mask: 0xffffffffffffffff max_cycles: 0x1cd42e4dffb, max_idle_ns: 881590591483 ns
[    0.000006] tsc: Detected 2499.998 MHz processor
[    0.000102] last_pfn = 0x13b400 max_arch_pfn = 0x400000000
[    0.000131] MTRR map: 4 entries (2 fixed + 2 variable; max 18), built from 8 variable MTRRs
[    0.000134] x86/PAT: Configuration [0-7]: WB  WC  UC- UC  WB  WP  UC- WT  
[    0.000171] last_pfn = 0xbff7c max_arch_pfn = 0x400000000
[    0.007798] Using GB pages for direct mapping
[    0.008149] secureboot: Secure boot disabled
[    0.008150] RAMDISK: [mem 0xb485d000-0xb569efff]
[    0.008160] ACPI: Early table checksum verification disabled
[    0.008163] ACPI: RSDP 0x00000000BBF5D014 000024 (v02 AMAZON)
[    0.008168] ACPI: XSDT 0x00000000BBF5C0E8 00006C (v01 AMAZON AMZNFACP 00000001      01000013)
[    0.008174] ACPI: FACP 0x00000000BBF55000 000114 (v01 AMAZON AMZNFACP 00000001 AMZN 00000001)
[    0.008180] ACPI: DSDT 0x00000000BBF56000 00115A (v01 AMAZON AMZNDSDT 00000001 AMZN 00000001)
[    0.008184] ACPI: FACS 0x00000000BBFD0000 000040
[    0.008187] ACPI: WAET 0x00000000BBF5B000 000028 (v01 AMAZON AMZNWAET 00000001 AMZN 00000001)
[    0.008190] ACPI: SLIT 0x00000000BBF5A000 00006C (v01 AMAZON AMZNSLIT 00000001 AMZN 00000001)
[    0.008193] ACPI: APIC 0x00000000BBF59000 000076 (v01 AMAZON AMZNAPIC 00000001 AMZN 00000001)
[    0.008197] ACPI: SRAT 0x00000000BBF58000 0000A0 (v01 AMAZON AMZNSRAT 00000001 AMZN 00000001)
[    0.008200] ACPI: HPET 0x00000000BBF54000 000038 (v01 AMAZON AMZNHPET 00000001 AMZN 00000001)
[    0.008203] ACPI: SSDT 0x00000000BBF53000 000759 (v01 AMAZON AMZNSSDT 00000001 AMZN 00000001)
[    0.008206] ACPI: SSDT 0x00000000BBF52000 0000D1 (v01 AMAZON AMZNSSDT 00000001 AMZN 00000001)
[    0.008210] ACPI: BGRT 0x00000000BBF51000 000038 (v01 AMAZON AMAZON   00000002      01000013)
[    0.008212] ACPI: Reserving FACP table memory at [mem 0xbbf55000-0xbbf55113]
[    0.008213] ACPI: Reserving DSDT table memory at [mem 0xbbf56000-0xbbf57159]
[    0.008214] ACPI: Reserving FACS table memory at [mem 0xbbfd0000-0xbbfd003f]
[    0.008215] ACPI: Reserving WAET table memory at [mem 0xbbf5b000-0xbbf5b027]
[    0.008216] ACPI: Reserving SLIT table memory at [mem 0xbbf5a000-0xbbf5a06b]
[    0.008217] ACPI: Reserving APIC table memory at [mem 0xbbf59000-0xbbf59075]
[    0.008218] ACPI: Reserving SRAT table memory at [mem 0xbbf58000-0xbbf5809f]
[    0.008219] ACPI: Reserving HPET table memory at [mem 0xbbf54000-0xbbf54037]
[    0.008219] ACPI: Reserving SSDT table memory at [mem 0xbbf53000-0xbbf53758]
[    0.008220] ACPI: Reserving SSDT table memory at [mem 0xbbf52000-0xbbf520d0]
[    0.008221] ACPI: Reserving BGRT table memory at [mem 0xbbf51000-0xbbf51037]
[    0.008352] ACPI: SRAT: Node 0 PXM 0 [mem 0x00000000-0xbfffffff]
[    0.008355] ACPI: SRAT: Node 0 PXM 0 [mem 0x100000000-0x13fffffff]
[    0.008373] NUMA: Node 0 [mem 0x00001000-0xbfffffff] + [mem 0x100000000-0x13b3fffff] -> [mem 0x00001000-0x13b3fffff]
[    0.008398] NODE_DATA(0) allocated [mem 0x13b3d22c0-0x13b3fcfff]
[    0.008637] Zone ranges:
[    0.008637]   DMA      [mem 0x0000000000001000-0x0000000000ffffff]
[    0.008639]   DMA32    [mem 0x0000000001000000-0x00000000ffffffff]
[    0.008641]   Normal   [mem 0x0000000100000000-0x000000013b3fffff]
[    0.008642]   Device   empty
[    0.008643] Movable zone start for each node
[    0.008646] Early memory node ranges
[    0.008646]   node   0: [mem 0x0000000000001000-0x000000000009ffff]
[    0.008648]   node   0: [mem 0x0000000000100000-0x00000000bbccdfff]
[    0.008649]   node   0: [mem 0x00000000bbfde000-0x00000000bff7bfff]
[    0.008650]   node   0: [mem 0x0000000100000000-0x000000013b3fffff]
[    0.008651] Initmem setup node 0 [mem 0x0000000000001000-0x000000013b3fffff]
[    0.008659] On node 0, zone DMA: 1 pages in unavailable ranges
[    0.008686] On node 0, zone DMA: 96 pages in unavailable ranges
[    0.013861] On node 0, zone DMA32: 784 pages in unavailable ranges
[    0.015522] On node 0, zone Normal: 132 pages in unavailable ranges
[    0.015676] On node 0, zone Normal: 19456 pages in unavailable ranges
[    0.016111] ACPI: PM-Timer IO Port: 0xb008
[    0.016126] ACPI: LAPIC_NMI (acpi_id[0xff] dfl dfl lint[0x1])
[    0.016186] IOAPIC[0]: apic_id 0, version 32, address 0xfec00000, GSI 0-23
[    0.016190] ACPI: INT_SRC_OVR (bus 0 bus_irq 5 global_irq 5 high level)
[    0.016192] ACPI: INT_SRC_OVR (bus 0 bus_irq 9 global_irq 9 high level)
[    0.016193] ACPI: INT_SRC_OVR (bus 0 bus_irq 10 global_irq 10 high level)
[    0.016195] ACPI: INT_SRC_OVR (bus 0 bus_irq 11 global_irq 11 high level)
[    0.016199] ACPI: Using ACPI (MADT) for SMP configuration information
[    0.016201] ACPI: HPET id: 0x8086a201 base: 0xfed00000
[    0.016221] TSC deadline timer available
[    0.016227] CPU topo: Max. logical packages:   1
[    0.016227] CPU topo: Max. logical dies:       1
[    0.016228] CPU topo: Max. dies per package:   1
[    0.016233] CPU topo: Max. threads per core:   2
[    0.016234] CPU topo: Num. cores per package:     1
[    0.016235] CPU topo: Num. threads per package:   2
[    0.016236] CPU topo: Allowing 2 present CPUs plus 0 hotplug CPUs
[    0.016255] kvm-guest: APIC: eoi() replaced with kvm_guest_apic_eoi_write()
[    0.016277] PM: hibernation: Registered nosave memory: [mem 0x00000000-0x00000fff]
[    0.016278] PM: hibernation: Registered nosave memory: [mem 0x000a0000-0x000fffff]
[    0.016280] PM: hibernation: Registered nosave memory: [mem 0xb9f4b000-0xb9f66fff]
[    0.016282] PM: hibernation: Registered nosave memory: [mem 0xbbcce000-0xbbfddfff]
[    0.016284] PM: hibernation: Registered nosave memory: [mem 0xbff7c000-0xffffffff]
[    0.016286] [mem 0xc0000000-0xffffffff] available for PCI devices
[    0.016288] Booting paravirtualized kernel on KVM
[    0.016290] clocksource: refined-jiffies: mask: 0xffffffff max_cycles: 0xffffffff, max_idle_ns: 1910969940391419 ns
[    0.016299] setup_percpu: NR_CPUS:8192 nr_cpumask_bits:2 nr_cpu_ids:2 nr_node_ids:1
[    0.016548] percpu: Embedded 84 pages/cpu s221184 r8192 d114688 u1048576
[    0.017269] kvm-guest: PV spinlocks enabled
[    0.017272] PV qspinlock hash table entries: 256 (order: 0, 4096 bytes, linear)
[    0.017275] Kernel command line: BOOT_IMAGE=/vmlinuz-6.17.0-1010-aws root=PARTUUID=a8ef6bc6-0748-47d7-a4a8-b126c21ff84c ro console=tty1 console=ttyS0 nvme_core.io_timeout=4294967295 panic=-1
[    0.017341] random: crng init done
[    0.017342] printk: log buffer data + meta data: 262144 + 917504 = 1179648 bytes
[    0.017755] Dentry cache hash table entries: 524288 (order: 10, 4194304 bytes, linear)
[    0.017980] Inode-cache hash table entries: 262144 (order: 9, 2097152 bytes, linear)
[    0.018037] software IO TLB: area num 2.
[    0.031566] Fallback order for Node 0: 0 
[    0.031572] Built 1 zonelists, mobility grouping on.  Total pages: 1028107
[    0.031574] Policy zone: Normal
[    0.031585] mem auto-init: stack:all(zero), heap alloc:on, heap free:off
[    0.043159] SLUB: HWalign=64, Order=0-3, MinObjects=0, CPUs=2, Nodes=1
[    0.043185] Kernel/User page tables isolation: enabled
[    0.043296] ftrace section at ffffffff870cfbc0 sorted properly
[    0.055964] ftrace: allocating 61501 entries in 242 pages
[    0.055968] ftrace: allocated 242 pages with 5 groups
[    0.056160] rcu: Hierarchical RCU implementation.
[    0.056162] rcu: 	RCU restricting CPUs from NR_CPUS=8192 to nr_cpu_ids=2.
[    0.056163] 	Rude variant of Tasks RCU enabled.
[    0.056164] 	Tracing variant of Tasks RCU enabled.
[    0.056164] rcu: RCU calculated value of scheduler-enlistment delay is 100 jiffies.
[    0.056165] rcu: Adjusting geometry for rcu_fanout_leaf=16, nr_cpu_ids=2
[    0.056173] RCU Tasks Rude: Setting shift to 1 and lim to 1 rcu_task_cb_adjust=1 rcu_task_cpu_ids=2.
[    0.056174] RCU Tasks Trace: Setting shift to 1 and lim to 1 rcu_task_cb_adjust=1 rcu_task_cpu_ids=2.
[    0.060267] NR_IRQS: 524544, nr_irqs: 440, preallocated irqs: 16
[    0.060522] rcu: srcu_init: Setting srcu_struct sizes based on contention.
[    0.060612] Console: colour dummy device 80x25
[    0.060615] printk: legacy console [tty1] enabled
[    0.060882] printk: legacy console [ttyS0] enabled
[    0.202669] ACPI: Core revision 20250404
[    0.203521] clocksource: hpet: mask: 0xffffffff max_cycles: 0xffffffff, max_idle_ns: 30580167144 ns
[    0.204954] APIC: Switch to symmetric I/O mode setup
[    0.206185] x2apic enabled
[    0.207090] APIC: Switched APIC routing to: physical x2apic
[    0.209707] clocksource: tsc-early: mask: 0xffffffffffffffff max_cycles: 0x240937b9988, max_idle_ns: 440795218083 ns
[    0.211360] Calibrating delay loop (skipped) preset value.. 4999.99 BogoMIPS (lpj=2499998)
[    0.212357] Last level iTLB entries: 4KB 64, 2MB 8, 4MB 8
[    0.212357] Last level dTLB entries: 4KB 64, 2MB 32, 4MB 32, 1GB 4
[    0.212357] mitigations: Enabled attack vectors: user_kernel, user_user, guest_host, guest_guest, SMT mitigations: auto
[    0.212357] Speculative Store Bypass: Vulnerable
[    0.212357] Spectre V2 : Mitigation: Retpolines
[    0.212357] RETBleed: Vulnerable
[    0.212357] ITS: Mitigation: Aligned branch/return thunks
[    0.212357] MDS: Vulnerable: Clear CPU buffers attempted, no microcode
[    0.212357] MMIO Stale Data: Vulnerable: Clear CPU buffers attempted, no microcode
[    0.212357] Spectre V1 : Mitigation: usercopy/swapgs barriers and __user pointer sanitization
[    0.212357] Spectre V2 : Spectre v2 / SpectreRSB: Filling RSB on context switch and VMEXIT
[    0.212357] GDS: Unknown: Dependent on hypervisor status
[    0.212357] active return thunk: its_return_thunk
[    0.212357] x86/fpu: Supporting XSAVE feature 0x001: 'x87 floating point registers'
[    0.212357] x86/fpu: Supporting XSAVE feature 0x002: 'SSE registers'
[    0.212357] x86/fpu: Supporting XSAVE feature 0x004: 'AVX registers'
[    0.212357] x86/fpu: Supporting XSAVE feature 0x008: 'MPX bounds registers'
[    0.212357] x86/fpu: Supporting XSAVE feature 0x010: 'MPX CSR'
[    0.212357] x86/fpu: Supporting XSAVE feature 0x020: 'AVX-512 opmask'
[    0.212357] x86/fpu: Supporting XSAVE feature 0x040: 'AVX-512 Hi256'
[    0.212357] x86/fpu: Supporting XSAVE feature 0x080: 'AVX-512 ZMM_Hi256'
[    0.212357] x86/fpu: Supporting XSAVE feature 0x200: 'Protection Keys User registers'
[    0.212357] x86/fpu: xstate_offset[2]:  576, xstate_sizes[2]:  256
[    0.212357] x86/fpu: xstate_offset[3]:  832, xstate_sizes[3]:   64
[    0.212357] x86/fpu: xstate_offset[4]:  896, xstate_sizes[4]:   64
[    0.212357] x86/fpu: xstate_offset[5]:  960, xstate_sizes[5]:   64
[    0.212357] x86/fpu: xstate_offset[6]: 1024, xstate_sizes[6]:  512
[    0.212357] x86/fpu: xstate_offset[7]: 1536, xstate_sizes[7]: 1024
[    0.212357] x86/fpu: xstate_offset[9]: 2560, xstate_sizes[9]:    8
[    0.212357] x86/fpu: Enabled xstate features 0x2ff, context size is 2568 bytes, using 'compacted' format.
[    0.212357] Freeing SMP alternatives memory: 52K
[    0.212357] pid_max: default: 32768 minimum: 301
[    0.212357] LSM: initializing lsm=lockdown,capability,landlock,yama,apparmor,ima,evm
[    0.212357] landlock: Up and running.
[    0.212357] Yama: becoming mindful.
[    0.212357] AppArmor: AppArmor initialized
[    0.212357] Mount-cache hash table entries: 8192 (order: 4, 65536 bytes, linear)
[    0.212357] Mountpoint-cache hash table entries: 8192 (order: 4, 65536 bytes, linear)
[    0.212357] smpboot: CPU0: Intel(R) Xeon(R) Platinum 8259CL CPU @ 2.50GHz (family: 0x6, model: 0x55, stepping: 0x7)
[    0.212611] Performance Events: unsupported CPU family 6 model 85 no PMU driver, software events only.
[    0.213403] signal: max sigframe size: 3632
[    0.214103] rcu: Hierarchical SRCU implementation.
[    0.214361] rcu: 	Max phase no-delay instances is 400.
[    0.215239] Timer migration: 1 hierarchy levels; 8 children per group; 1 crossnode level
[    0.216663] NMI watchdog: Perf NMI watchdog permanently disabled
[    0.217416] smp: Bringing up secondary CPUs ...
[    0.218291] smpboot: x86: Booting SMP configuration:
[    0.218363] .... node  #0, CPUs:      #1
[    0.219843] MDS CPU bug present and SMT on, data leak possible. See https://www.kernel.org/doc/html/latest/admin-guide/hw-vuln/mds.html for more details.
[    0.221365] MMIO Stale Data CPU bug present and SMT on, data leak possible. See https://www.kernel.org/doc/html/latest/admin-guide/hw-vuln/processor_mmio_stale_data.html for more details.
[    0.222396] smp: Brought up 1 node, 2 CPUs
[    0.223066] smpboot: Total of 2 processors activated (9999.99 BogoMIPS)
[    0.223523] Memory: 3895780K/4112428K available (22049K kernel code, 4642K rwdata, 15488K rodata, 5384K init, 6152K bss, 209608K reserved, 0K cma-reserved)
[    0.224648] devtmpfs: initialized
[    0.224648] x86/mm: Memory block size: 128MB
[    0.226400] ACPI: PM: Registering ACPI NVS region [mem 0xbbf5e000-0xbbfddfff] (524288 bytes)
[    0.227438] clocksource: jiffies: mask: 0xffffffff max_cycles: 0xffffffff, max_idle_ns: 1911260446275000 ns
[    0.228388] posixtimers hash table entries: 1024 (order: 2, 16384 bytes, linear)
[    0.229376] futex hash table entries: 512 (32768 bytes on 1 NUMA nodes, total 32 KiB, linear).
[    0.231513] pinctrl core: initialized pinctrl subsystem
[    0.232624] PM: RTC time: 21:11:48, date: 2026-04-14
[    0.234206] NET: Registered PF_NETLINK/PF_ROUTE protocol family
[    0.235608] DMA: preallocated 512 KiB GFP_KERNEL pool for atomic allocations
[    0.236662] DMA: preallocated 512 KiB GFP_KERNEL|GFP_DMA pool for atomic allocations
[    0.238452] DMA: preallocated 512 KiB GFP_KERNEL|GFP_DMA32 pool for atomic allocations
[    0.239385] audit: initializing netlink subsys (disabled)
[    0.240409] audit: type=2000 audit(1776201110.457:1): state=initialized audit_enabled=0 res=1
[    0.240571] thermal_sys: Registered thermal governor 'fair_share'
[    0.241366] thermal_sys: Registered thermal governor 'bang_bang'
[    0.242321] thermal_sys: Registered thermal governor 'step_wise'
[    0.242362] thermal_sys: Registered thermal governor 'user_space'
[    0.243296] thermal_sys: Registered thermal governor 'power_allocator'
[    0.243373] cpuidle: using governor ladder
[    0.245038] cpuidle: using governor menu
[    0.245500] acpiphp: ACPI Hot Plug PCI Controller Driver version: 0.5
[    0.246533] PCI: Using configuration type 1 for base access
[    0.247455] kprobes: kprobe jump-optimization is enabled. All kprobes are optimized if possible.
[    0.281806] HugeTLB: registered 1.00 GiB page size, pre-allocated 0 pages
[    0.282367] HugeTLB: 16380 KiB vmemmap can be freed for a 1.00 GiB page
[    0.283363] HugeTLB: registered 2.00 MiB page size, pre-allocated 0 pages
[    0.284362] HugeTLB: 28 KiB vmemmap can be freed for a 2.00 MiB page
[    0.286595] fbcon: Taking over console
[    0.287253] ACPI: Added _OSI(Module Device)
[    0.287392] ACPI: Added _OSI(Processor Device)
[    0.288061] ACPI: Added _OSI(Processor Aggregator Device)
[    0.290634] ACPI: 3 ACPI AML tables successfully acquired and loaded
[    0.292678] ACPI: Interpreter enabled
[    0.293375] ACPI: PM: (supports S0 S4 S5)
[    0.294017] ACPI: Using IOAPIC for interrupt routing
[    0.294485] PCI: Using host bridge windows from ACPI; if necessary, use "pci=nocrs" and report a bug
[    0.295361] PCI: Using E820 reservations for host bridge windows
[    0.296416] ACPI: Enabled 2 GPEs in block 00 to 0F
[    0.299917] ACPI: PCI Root Bridge [PCI0] (domain 0000 [bus 00-ff])
[    0.300366] acpi PNP0A03:00: _OSC: OS supports [ASPM ClockPM Segments MSI EDR HPX-Type3]
[    0.301361] acpi PNP0A03:00: _OSC: not requesting OS control; OS requires [ExtendedConfig ASPM ClockPM MSI]
[    0.302375] acpi PNP0A03:00: fail to add MMCONFIG information, can't access extended configuration space under this bridge
[    0.303760] acpiphp: Slot [3] registered
[    0.304383] acpiphp: Slot [4] registered
[    0.305023] acpiphp: Slot [5] registered
[    0.305377] acpiphp: Slot [6] registered
[    0.306020] acpiphp: Slot [7] registered
[    0.306374] acpiphp: Slot [8] registered
[    0.307008] acpiphp: Slot [9] registered
[    0.307377] acpiphp: Slot [10] registered
[    0.308029] acpiphp: Slot [11] registered
[    0.308375] acpiphp: Slot [12] registered
[    0.309022] acpiphp: Slot [13] registered
[    0.309377] acpiphp: Slot [14] registered
[    0.310024] acpiphp: Slot [15] registered
[    0.310375] acpiphp: Slot [16] registered
[    0.311025] acpiphp: Slot [17] registered
[    0.311375] acpiphp: Slot [18] registered
[    0.312033] acpiphp: Slot [19] registered
[    0.312377] acpiphp: Slot [20] registered
[    0.313016] acpiphp: Slot [21] registered
[    0.313375] acpiphp: Slot [22] registered
[    0.314029] acpiphp: Slot [23] registered
[    0.314375] acpiphp: Slot [24] registered
[    0.315024] acpiphp: Slot [25] registered
[    0.315377] acpiphp: Slot [26] registered
[    0.316014] acpiphp: Slot [27] registered
[    0.316374] acpiphp: Slot [28] registered
[    0.317014] acpiphp: Slot [29] registered
[    0.317376] acpiphp: Slot [30] registered
[    0.318027] acpiphp: Slot [31] registered
[    0.318373] PCI host bridge to bus 0000:00
[    0.319024] pci_bus 0000:00: root bus resource [io  0x0000-0x0cf7 window]
[    0.319362] pci_bus 0000:00: root bus resource [io  0x0d00-0xffff window]
[    0.320360] pci_bus 0000:00: root bus resource [mem 0x000a0000-0x000bffff window]
[    0.321361] pci_bus 0000:00: root bus resource [mem 0xc0000000-0xfebfffff window]
[    0.322361] pci_bus 0000:00: root bus resource [mem 0x140000000-0x20013fffffff window]
[    0.323362] pci_bus 0000:00: root bus resource [bus 00-ff]
[    0.324278] pci 0000:00:00.0: [8086:1237] type 00 class 0x060000 conventional PCI endpoint
[    0.324836] pci 0000:00:01.0: [8086:7000] type 00 class 0x060100 conventional PCI endpoint
[    0.326258] pci 0000:00:01.3: [8086:7113] type 00 class 0x000000 conventional PCI endpoint
[    0.327116] pci 0000:00:01.3: quirk: [io  0xb000-0xb03f] claimed by PIIX4 ACPI
[    0.327429] pci 0000:00:01.3: PIIX4 devres E PIO at fff0-ffff
[    0.328352] pci 0000:00:01.3: PIIX4 devres F MMIO at ffc00000-ffffffff
[    0.328376] pci 0000:00:01.3: PIIX4 devres G PIO at fff0-ffff
[    0.329293] pci 0000:00:01.3: PIIX4 devres H MMIO at ffc00000-ffffffff
[    0.329377] pci 0000:00:01.3: PIIX4 devres I PIO at fff0-ffff
[    0.330296] pci 0000:00:01.3: PIIX4 devres J PIO at fff0-ffff
[    0.330869] pci 0000:00:03.0: [1d0f:1111] type 00 class 0x030000 conventional PCI endpoint
[    0.332365] pci 0000:00:03.0: BAR 0 [mem 0xc0000000-0xc03fffff pref]
[    0.333456] pci 0000:00:03.0: ROM [mem 0xffff0000-0xffffffff pref]
[    0.334451] pci 0000:00:03.0: Video device with shadowed ROM at [mem 0x000c0000-0x000dffff]
[    0.335708] pci 0000:00:04.0: [1d0f:8061] type 00 class 0x010802 PCIe Endpoint
[    0.338162] pci 0000:00:04.0: BAR 0 [mem 0xc0404000-0xc0407fff]
[    0.338992] pci 0000:00:05.0: [1d0f:ec20] type 00 class 0x020000 PCIe Endpoint
[    0.340374] pci 0000:00:05.0: BAR 0 [mem 0xc0400000-0xc0403fff]
[    0.348044] ACPI: PCI: Interrupt link LNKA configured for IRQ 10
[    0.348479] ACPI: PCI: Interrupt link LNKB configured for IRQ 10
[    0.349474] ACPI: PCI: Interrupt link LNKC configured for IRQ 11
[    0.350474] ACPI: PCI: Interrupt link LNKD configured for IRQ 11
[    0.351416] ACPI: PCI: Interrupt link LNKS configured for IRQ 9
[    0.352753] iommu: Default domain type: Translated
[    0.353153] iommu: DMA domain TLB invalidation policy: lazy mode
[    0.354544] SCSI subsystem initialized
[    0.355405] ACPI: bus type USB registered
[    0.356063] usbcore: registered new interface driver usbfs
[    0.356368] usbcore: registered new interface driver hub
[    0.357212] usbcore: registered new device driver usb
[    0.357389] pps_core: LinuxPPS API ver. 1 registered
[    0.358167] pps_core: Software ver. 5.3.6 - Copyright 2005-2007 Rodolfo Giometti <giometti@linux.it>
[    0.358364] PTP clock support registered
[    0.359013] EDAC MC: Ver: 3.0.0
[    0.359565] efivars: Registered efivars operations
[    0.360621] NetLabel: Initializing
[    0.361362] NetLabel:  domain hash size = 128
[    0.362061] NetLabel:  protocols = UNLABELED CIPSOv4 CALIPSO
[    0.362380] NetLabel:  unlabeled traffic allowed by default
[    0.363390] mctp: management component transport protocol core
[    0.364362] NET: Registered PF_MCTP protocol family
[    0.365152] PCI: Using ACPI for IRQ routing
[    0.365560] pci 0000:00:03.0: vgaarb: setting as boot VGA device
[    0.366329] pci 0000:00:03.0: vgaarb: bridge control possible
[    0.366357] pci 0000:00:03.0: vgaarb: VGA device added: decodes=io+mem,owns=io+mem,locks=none
[    0.366361] vgaarb: loaded
[    0.366813] hpet0: at MMIO 0xfed00000, IRQs 2, 8, 0, 0, 0, 0, 0, 0
[    0.367357] hpet0: 8 comparators, 32-bit 62.500000 MHz counter
[    0.370399] clocksource: Switched to clocksource kvm-clock
[    0.372178] VFS: Disk quotas dquot_6.6.0
[    0.372840] VFS: Dquot-cache hash table entries: 512 (order 0, 4096 bytes)
[    0.374219] AppArmor: AppArmor Filesystem Enabled
[    0.375005] pnp: PnP ACPI init
[    0.375973] pnp: PnP ACPI: found 5 devices
[    0.384330] clocksource: acpi_pm: mask: 0xffffff max_cycles: 0xffffff, max_idle_ns: 2085701024 ns
[    0.385794] NET: Registered PF_INET protocol family
[    0.386689] IP idents hash table entries: 65536 (order: 7, 524288 bytes, linear)
[    0.406516] tcp_listen_portaddr_hash hash table entries: 2048 (order: 3, 32768 bytes, linear)
[    0.407954] Table-perturb hash table entries: 65536 (order: 6, 262144 bytes, linear)
[    0.409255] TCP established hash table entries: 32768 (order: 6, 262144 bytes, linear)
[    0.410719] TCP bind hash table entries: 32768 (order: 8, 1048576 bytes, linear)
[    0.412024] TCP: Hash tables configured (established 32768 bind 32768)
[    0.413142] MPTCP token hash table entries: 4096 (order: 5, 98304 bytes, linear)
[    0.414358] UDP hash table entries: 2048 (order: 5, 131072 bytes, linear)
[    0.415448] UDP-Lite hash table entries: 2048 (order: 5, 131072 bytes, linear)
[    0.416748] NET: Registered PF_UNIX/PF_LOCAL protocol family
[    0.417774] NET: Registered PF_XDP protocol family
[    0.418548] pci_bus 0000:00: resource 4 [io  0x0000-0x0cf7 window]
[    0.419504] pci_bus 0000:00: resource 5 [io  0x0d00-0xffff window]
[    0.420470] pci_bus 0000:00: resource 6 [mem 0x000a0000-0x000bffff window]
[    0.421545] pci_bus 0000:00: resource 7 [mem 0xc0000000-0xfebfffff window]
[    0.422644] pci_bus 0000:00: resource 8 [mem 0x140000000-0x20013fffffff window]
[    0.423841] pci 0000:00:00.0: Limiting direct PCI/PCI transfers
[    0.424853] PCI: CLS 0 bytes, default 64
[    0.425530] PCI-DMA: Using software bounce buffering for IO (SWIOTLB)
[    0.425611] Trying to unpack rootfs image as initramfs...
[    0.426582] software IO TLB: mapped [mem 0x00000000b5e8d000-0x00000000b9e8d000] (64MB)
[    0.426668] clocksource: tsc: mask: 0xffffffffffffffff max_cycles: 0x240937b9988, max_idle_ns: 440795218083 ns
[    0.431398] clocksource: Switched to clocksource tsc
[    0.440807] Freeing initrd memory: 14600K
[    0.453795] Initialise system trusted keyrings
[    0.454581] Key type blacklist registered
[    0.455353] workingset: timestamp_bits=36 max_order=20 bucket_order=0
[    0.456678] squashfs: version 4.0 (2009/01/31) Phillip Lougher
[    0.457784] fuse: init (API version 7.44)
[    0.458659] integrity: Platform Keyring initialized
[    0.459453] integrity: Machine keyring initialized
[    0.471991] Key type asymmetric registered
[    0.472642] Asymmetric key parser 'x509' registered
[    0.473439] Block layer SCSI generic (bsg) driver version 0.4 loaded (major 242)
[    0.474691] io scheduler mq-deadline registered
[    0.475572] ledtrig-cpu: registered to indicate activity on CPUs
[    0.476685] input: Power Button as /devices/LNXSYSTM:00/LNXPWRBN:00/input/input0
[    0.477943] ACPI: button: Power Button [PWRF]
[    0.478671] input: Sleep Button as /devices/LNXSYSTM:00/LNXSLPBN:00/input/input1
[    0.479904] ACPI: button: Sleep Button [SLPF]
[    0.481039] Serial: 8250/16550 driver, 4 ports, IRQ sharing enabled
[    0.507283] 00:04: ttyS0 at I/O 0x3f8 (irq = 4, base_baud = 115200) is a 16550A
[    0.509302] Linux agpgart interface v0.103
[    0.511521] loop: module loaded
[    0.512253] Key type psk registered
[    0.513229] ACPI: bus type drm_connector registered
[    0.513280] nvme nvme0: pci function 0000:00:04.0
[    0.514372] tun: Universal TUN/TAP device driver, 1.6
[    0.515358] ACPI: \_SB_.LNKD: Enabled at IRQ 11
[    0.515899] PPP generic driver version 2.4.2
[    0.517728] i8042: PNP: PS/2 Controller [PNP0303:KBD,PNP0f13:MOU] at 0x60,0x64 irq 1,12
[    0.519356] i8042: Warning: Keylock active
[    0.521138] serio: i8042 KBD port at 0x60,0x64 irq 1
[    0.522008] serio: i8042 AUX port at 0x60,0x64 irq 12
[    0.523135] mousedev: PS/2 mouse device common for all mice
[    0.524494] rtc_cmos 00:00: RTC can wake from S4
[    0.526234] nvme nvme0: 2/0/0 default/read/poll queues
[    0.526650] rtc_cmos 00:00: registered as rtc0
[    0.528082] rtc_cmos 00:00: setting system clock to 2026-04-14T21:11:49 UTC (1776201109)
[    0.529455] rtc_cmos 00:00: alarms up to one day, 114 bytes nvram
[    0.530454] i2c_dev: i2c /dev entries driver
[    0.531250] device-mapper: core: CONFIG_IMA_DISABLE_HTABLE is disabled. Duplicate IMA measurements will not be recorded in the IMA log.
[    0.533167] device-mapper: uevent: version 1.0.3
[    0.534010] device-mapper: ioctl: 4.50.0-ioctl (2025-04-28) initialised: dm-devel@lists.linux.dev
[    0.535411] intel_pstate: CPU model not supported
[    0.536414] simple-framebuffer simple-framebuffer.0: [drm] Registered 1 planes with drm panic
[    0.536518]  nvme0n1: p1 p14 p15 p16
[    0.537820] [drm] Initialized simpledrm 1.0.0 for simple-framebuffer.0 on minor 0
[    0.540937] Console: switching to colour frame buffer device 100x37
[    0.542442] simple-framebuffer simple-framebuffer.0: [drm] fb0: simpledrmdrmfb frame buffer device
[    0.544167] drop_monitor: Initializing network drop monitor service
[    0.545325] NET: Registered PF_INET6 protocol family
[    0.546576] Segment Routing with IPv6
[    0.547197] In-situ OAM (IOAM) with IPv6
[    0.547862] NET: Registered PF_PACKET protocol family
[    0.548735] Key type dns_resolver registered
[    0.549821] resctrl: No MBM correction factor available
[    0.550713] IPI shorthand broadcast: enabled
[    0.553255] sched_clock: Marking stable (402002650, 150827983)->(668832144, -116001511)
[    0.554793] registered taskstats version 1
[    0.556410] Loading compiled-in X.509 certificates
[    0.558425] Loaded X.509 cert 'Build time autogenerated kernel key: 31727594a771786e780b48050878d837aa962b8a'
[    0.560881] Loaded X.509 cert 'Canonical Ltd. Live Patch Signing 2025 Kmod: d541cef61dc7e793b7eb7e899970a2eef0b5dc8c'
[    0.564042] Loaded X.509 cert 'Canonical Ltd. Live Patch Signing: 14df34d1a87cf37625abec039ef2bf521249b969'
[    0.566862] Loaded X.509 cert 'Canonical Ltd. Kernel Module Signing: 88f752e560a1e0737e31163a466ad7b70a850c19'
[    0.568820] blacklist: Loading compiled-in revocation X.509 certificates
[    0.570515] Loaded X.509 cert 'Canonical Ltd. Secure Boot Signing: 61482aa2830d0ab2ad5af10b7250da9033ddcef0'
[    0.572868] Loaded X.509 cert 'Canonical Ltd. Secure Boot Signing (2017): 242ade75ac4a15e50d50c84b0d45ff3eae707a03'
[    0.575279] Loaded X.509 cert 'Canonical Ltd. Secure Boot Signing (ESM 2018): 365188c1d374d6b07c3c8f240f8ef722433d6a8b'
[    0.577699] Loaded X.509 cert 'Canonical Ltd. Secure Boot Signing (2019): c0746fd6c5da3ae827864651ad66ae47fe24b3e8'
[    0.579919] Loaded X.509 cert 'Canonical Ltd. Secure Boot Signing (2021 v1): a8d54bbb3825cfb94fa13c9f8a594a195c107b8d'
[    0.582428] Loaded X.509 cert 'Canonical Ltd. Secure Boot Signing (2021 v2): 4cf046892d6fd3c9a5b03f98d845f90851dc6a8c'
[    0.584905] Loaded X.509 cert 'Canonical Ltd. Secure Boot Signing (2021 v3): 100437bb6de6e469b581e61cd66bce3ef4ed53af'
[    0.587428] Loaded X.509 cert 'Canonical Ltd. Secure Boot Signing (Ubuntu Core 2019): c1d57b8f6b743f23ee41f4f7ee292f06eecadfb9'
[    0.594108] Demotion targets for Node 0: null
[    0.595279] Key type .fscrypt registered
[    0.596250] Key type fscrypt-provisioning registered
[    0.597655] Key type big_key registered
[    0.599524] Key type encrypted registered
[    0.600415] AppArmor: AppArmor sha256 policy hashing enabled
[    0.602171] ima: No TPM chip found, activating TPM-bypass!
[    0.603578] Loading compiled-in module X.509 certificates
[    0.605391] Loaded X.509 cert 'Build time autogenerated kernel key: 31727594a771786e780b48050878d837aa962b8a'
[    0.607708] ima: Allocated hash algorithm: sha256
[    0.608879] ima: No architecture policies found
[    0.610174] evm: Initialising EVM extended attributes:
[    0.611214] evm: security.selinux
[    0.611991] evm: security.SMACK64
[    0.612721] evm: security.SMACK64EXEC
[    0.613510] evm: security.SMACK64TRANSMUTE
[    0.614380] evm: security.SMACK64MMAP
[    0.615162] evm: security.apparmor
[    0.615900] evm: security.ima
[    0.616547] evm: security.capability
[    0.617296] evm: HMAC attrs: 0x1
[    0.618466] PM:   Magic number: 6:883:196
[    0.619304] drm card0: hash matches
[    0.621782] RAS: Correctable Errors collector initialized.
[    0.631920] clk: Disabling unused clocks
[    0.632880] PM: genpd: Disabling unused power domains
[    0.634919] check access for rdinit=/init failed: -2, ignoring
[    1.028405] input: AT Translated Set 2 keyboard as /devices/platform/i8042/serio0/input/input2
[    1.030600] md: Waiting for all devices to be available before autodetect
[    1.031601] md: If you don't use raid, use raid=noautodetect
[    1.032797] md: Autodetecting RAID arrays.
[    1.033646] md: autorun ...
[    1.034178] md: ... autorun DONE.
[    1.041659] EXT4-fs (nvme0n1p1): mounted filesystem abc14a03-b423-456c-b531-def4a6ed6dc5 ro with ordered data mode. Quota mode: none.
[    1.043902] VFS: Mounted root (ext4 filesystem) readonly on device 259:1.
[    1.046011] devtmpfs: mounted
[    1.048504] Freeing unused decrypted memory: 2028K
[    1.050793] Freeing unused kernel image (initmem) memory: 5384K
[    1.052158] Write protecting the kernel read-only data: 38912k
[    1.053525] Freeing unused kernel image (text/rodata gap) memory: 476K
[    1.054800] Freeing unused kernel image (rodata/data gap) memory: 896K
[    1.105163] x86/mm: Checked W+X mappings: passed, no W+X pages found.
[    1.106124] x86/mm: Checking user space page tables
[    1.154379] x86/mm: Checked W+X mappings: passed, no W+X pages found.
[    1.155365] Run /sbin/init as init process
[    1.327299] systemd[1]: Inserted module 'autofs4'
[    1.361588] systemd[1]: systemd 255.4-1ubuntu8.14 running in system mode (+PAM +AUDIT +SELINUX +APPARMOR +IMA +SMACK +SECCOMP +GCRYPT -GNUTLS +OPENSSL +ACL +BLKID +CURL +ELFUTILS +FIDO2 +IDN2 -IDN +IPTC +KMOD +LIBCRYPTSETUP +LIBFDISK +PCRE2 -PWQUALITY +P11KIT +QRENCODE +TPM2 +BZIP2 +LZ4 +XZ +ZLIB +ZSTD -BPF_FRAMEWORK -XKBCOMMON +UTMP +SYSVINIT default-hierarchy=unified)
[    1.367024] systemd[1]: Detected virtualization amazon.
[    1.367892] systemd[1]: Detected architecture x86-64.

Welcome to [1mUbuntu 24.04.2 LTS[0m!

[    1.371896] systemd[1]: Hostname set to <ip-172-31-4-238>.
[    1.869452] systemd[1]: Queued start job for default target graphical.target.
[    1.882547] systemd[1]: Created slice system-modprobe.slice - Slice /system/modprobe.
[[0;32m  OK  [0m] Created slice [0;1;39msystem-modprobe.slice[0m - Slice /system/modprobe.
[    1.886906] systemd[1]: Created slice system-serial\x2dgetty.slice - Slice /system/serial-getty.
[[0;32m  OK  [0m] Created slice [0;1;39msystem-serial\x2dget…slice[0m - Slice /system/serial-getty.
[    1.891077] systemd[1]: Created slice system-systemd\x2dfsck.slice - Slice /system/systemd-fsck.
[[0;32m  OK  [0m] Created slice [0;1;39msystem-systemd\x2dfs…slice[0m - Slice /system/systemd-fsck.
[    1.895052] systemd[1]: Created slice user.slice - User and Session Slice.
[[0;32m  OK  [0m] Created slice [0;1;39muser.slice[0m - User and Session Slice.
[    1.898074] systemd[1]: Started systemd-ask-password-wall.path - Forward Password Requests to Wall Directory Watch.
[[0;32m  OK  [0m] Started [0;1;39msystemd-ask-password-wall.…[0md Requests to Wall Directory Watch.
[    1.901999] systemd[1]: Set up automount proc-sys-fs-binfmt_misc.automount - Arbitrary Executable File Formats File System Automount Point.
[[0;32m  OK  [0m] Set up automount [0;1;39mproc-sys-fs-binfm…[0mormats File System Automount Point.
[    1.905777] systemd[1]: Expecting device dev-disk-by\x2dlabel-BOOT.device - /dev/disk/by-label/BOOT...
         Expecting device [0;1;39mdev-disk-by\x2dla…device[0m - /dev/disk/by-label/BOOT...
[    1.909336] systemd[1]: Expecting device dev-disk-by\x2dlabel-UEFI.device - /dev/disk/by-label/UEFI...
         Expecting device [0;1;39mdev-disk-by\x2dla…device[0m - /dev/disk/by-label/UEFI...
[    1.912652] systemd[1]: Expecting device dev-ttyS0.device - /dev/ttyS0...
         Expecting device [0;1;39mdev-ttyS0.device[0m - /dev/ttyS0...
[    1.915623] systemd[1]: Reached target integritysetup.target - Local Integrity Protected Volumes.
[[0;32m  OK  [0m] Reached target [0;1;39mintegritysetup.targ…[0m Local Integrity Protected Volumes.
[    1.919068] systemd[1]: Reached target slices.target - Slice Units.
[[0;32m  OK  [0m] Reached target [0;1;39mslices.target[0m - Slice Units.
[    1.921774] systemd[1]: Reached target snapd.mounts-pre.target - Mounting snaps.
[[0;32m  OK  [0m] Reached target [0;1;39msnapd.mounts-pre.target[0m - Mounting snaps.
[    1.924642] systemd[1]: Reached target swap.target - Swaps.
[[0;32m  OK  [0m] Reached target [0;1;39mswap.target[0m - Swaps.
[    1.926745] systemd[1]: Reached target time-set.target - System Time Set.
[[0;32m  OK  [0m] Reached target [0;1;39mtime-set.target[0m - System Time Set.
[    1.929312] systemd[1]: Reached target veritysetup.target - Local Verity Protected Volumes.
[[0;32m  OK  [0m] Reached target [0;1;39mveritysetup.target[0m - Local Verity Protected Volumes.
[    1.932470] systemd[1]: Listening on dm-event.socket - Device-mapper event daemon FIFOs.
[[0;32m  OK  [0m] Listening on [0;1;39mdm-event.socket[0m - Device-mapper event daemon FIFOs.
[    1.935781] systemd[1]: Listening on lvm2-lvmpolld.socket - LVM2 poll daemon socket.
[[0;32m  OK  [0m] Listening on [0;1;39mlvm2-lvmpolld.socket[0m - LVM2 poll daemon socket.
[    1.939081] systemd[1]: Listening on multipathd.socket - multipathd control socket.
[[0;32m  OK  [0m] Listening on [0;1;39mmultipathd.socket[0m - multipathd control socket.
[    1.942366] systemd[1]: Listening on syslog.socket - Syslog Socket.
[[0;32m  OK  [0m] Listening on [0;1;39msyslog.socket[0m - Syslog Socket.
[    1.944791] systemd[1]: Listening on systemd-fsckd.socket - fsck to fsckd communication Socket.
[[0;32m  OK  [0m] Listening on [0;1;39msystemd-fsckd.socket[0m …fsck to fsckd communication Socket.
[    1.948301] systemd[1]: Listening on systemd-initctl.socket - initctl Compatibility Named Pipe.
[[0;32m  OK  [0m] Listening on [0;1;39msystemd-initctl.socke…[0m- initctl Compatibility Named Pipe.
[    1.951576] systemd[1]: Listening on systemd-journald-dev-log.socket - Journal Socket (/dev/log).
[[0;32m  OK  [0m] Listening on [0;1;39msystemd-journald-dev-…socket[0m - Journal Socket (/dev/log).
[    1.955163] systemd[1]: Listening on systemd-journald.socket - Journal Socket.
[[0;32m  OK  [0m] Listening on [0;1;39msystemd-journald.socket[0m - Journal Socket.
[    1.958263] systemd[1]: Listening on systemd-networkd.socket - Network Service Netlink Socket.
[[0;32m  OK  [0m] Listening on [0;1;39msystemd-networkd.socket[0m - Network Service Netlink Socket.
[    1.961605] systemd[1]: systemd-pcrextend.socket - TPM2 PCR Extension (Varlink) was skipped because of an unmet condition check (ConditionSecurity=measured-uki).
[    1.965073] systemd[1]: Listening on systemd-udevd-control.socket - udev Control Socket.
[[0;32m  OK  [0m] Listening on [0;1;39msystemd-udevd-control.socket[0m - udev Control Socket.
[    1.968538] systemd[1]: Listening on systemd-udevd-kernel.socket - udev Kernel Socket.
[[0;32m  OK  [0m] Listening on [0;1;39msystemd-udevd-kernel.socket[0m - udev Kernel Socket.
[    1.985008] systemd[1]: Mounting dev-hugepages.mount - Huge Pages File System...
         Mounting [0;1;39mdev-hugepages.mount[0m - Huge Pages File System...
[    1.989550] systemd[1]: Mounting dev-mqueue.mount - POSIX Message Queue File System...
         Mounting [0;1;39mdev-mqueue.mount[0m - POSIX Message Queue File System...
[    1.995360] systemd[1]: Mounting sys-kernel-debug.mount - Kernel Debug File System...
         Mounting [0;1;39msys-kernel-debug.mount[0m - Kernel Debug File System...
[    2.004390] systemd[1]: Mounting sys-kernel-tracing.mount - Kernel Trace File System...
         Mounting [0;1;39msys-kernel-tracing.mount[0m - Kernel Trace File System...
[    2.018781] systemd[1]: Starting systemd-journald.service - Journal Service...
         Starting [0;1;39msystemd-journald.service[0m - Journal Service...
[    2.027563] systemd[1]: Starting keyboard-setup.service - Set the console keyboard layout...
         Starting [0;1;39mkeyboard-setup.service[0m - Set the console keyboard layout...
[    2.033440] systemd[1]: Starting kmod-static-nodes.service - Create List of Static Device Nodes...
         Starting [0;1;39mkmod-static-nodes.service[0m…eate List of Static Device Nodes...
[    2.040085] systemd[1]: Starting lvm2-monitor.service - Monitoring of LVM2 mirrors, snapshots etc. using dmeventd or progress polling...
         Starting [0;1;39mlvm2-monitor.service[0m - Mo…ing dmeventd or progress polling...
[    2.048721] systemd[1]: Starting modprobe@configfs.service - Load Kernel Module configfs...
         Starting [0;1;39mmodprobe@configfs.service[0m - Load Kernel Module configfs...
[    2.060517] systemd[1]: Starting modprobe@dm_mod.service - Load Kernel Module dm_mod...
         Starting [0;1;39mmodprobe@dm_mod.service[0m - Load Kernel Module dm_mod...
[    2.067047] systemd[1]: Starting modprobe@drm.service - Load Kernel Module drm...
[    2.069001] systemd-journald[121]: Collecting audit messages is disabled.
         Starting [0;1;39mmodprobe@drm.service[0m - Load Kernel Module drm...
[    2.077047] systemd[1]: Starting modprobe@efi_pstore.service - Load Kernel Module efi_pstore...
         Starting [0;1;39mmodprobe@efi_pstore.servi…[0m - Load Kernel Module efi_pstore...
[    2.082162] systemd[1]: Starting modprobe@fuse.service - Load Kernel Module fuse...
         Starting [0;1;39mmodprobe@fuse.service[0m - Load Kernel Module fuse...
[    2.086747] systemd[1]: Starting modprobe@loop.service - Load Kernel Module loop...
         Starting [0;1;39mmodprobe@loop.service[0m - Load Kernel Module loop...
[    2.090682] systemd[1]: netplan-ovs-cleanup.service - OpenVSwitch configuration for cleanup was skipped because of an unmet condition check (ConditionFileIsExecutable=/usr/bin/ovs-vsctl).
[    2.099048] systemd[1]: Starting systemd-fsck-root.service - File System Check on Root Device...
         Starting [0;1;39msystemd-fsck-root.service[0m…File System Check on Root Device...
[    2.109015] systemd[1]: Starting systemd-modules-load.service - Load Kernel Modules...
         Starting [0;1;39msystemd-modules-load.service[0m - Load Kernel Modules...
[    2.112388] systemd[1]: systemd-pcrmachine.service - TPM2 PCR Machine ID Measurement was skipped because of an unmet condition check (ConditionSecurity=measured-uki).
[    2.115572] systemd[1]: systemd-tpm2-setup-early.service - TPM2 SRK Setup (Early) was skipped because of an unmet condition check (ConditionSecurity=measured-uki).
[    2.125285] systemd[1]: Starting systemd-udev-trigger.service - Coldplug All udev Devices...
         Starting [0;1;39msystemd-udev-trigger.service[0m - Coldplug All udev Devices...
[    2.132346] systemd[1]: Started systemd-journald.service - Journal Service.
[[0;32m  OK  [0m] Started [0;1;39msystemd-journald.service[0m - Journal Service.
[[0;32m  OK  [0m] Mounted [0;1;39mdev-hugepages.mount[0m - Huge Pages File System.
[[0;32m  OK  [0m] Mounted [0;1;39mdev-mqueue.mount[0m - POSIX Message Queue File System.
[[0;32m  OK  [0m] Mounted [0;1;39msys-kernel-debug.mount[0m - Kernel Debug File System.
[[0;32m  OK  [0m] Mounted [0;1;39msys-kernel-tracing.mount[0m - Kernel Trace File System.
[[0;32m  OK  [0m] Finished [0;1;39mkmod-static-nodes.service[0m…Create List of Static Device Nodes.
[[0;32m  OK  [0m] Finished [0;1;39mmodprobe@configfs.service[0m - Load Kernel Module configfs.
[[0;32m  OK  [0m] Finished [0;1;39mmodprobe@dm_mod.service[0m - Load Kernel Module dm_mod.
[[0;32m  OK  [0m] Finished [0;1;39mlvm2-monitor.service[0m - Mo…using dmeventd or progress polling.
[[0;32m  OK  [0m] Finished [0;1;39mmodprobe@drm.service[0m - Load Kernel Module drm.
         Mounting [0;1;39msys-kernel-config.mount[0m - Kernel Configuration File System...
[    2.181765] pstore: Using crash dump compression: deflate
[[0;32m  OK  [0m] Started [0;1;39msystemd-fsckd.service[0m - Fi…stem Check Daemon to report status.
         Starting [0;1;39msystemd-tmpfiles-setup-de…[0m Device Nodes in /dev gracefully...
[[0;32m  OK  [0m] Finished [0;1;39mmodprobe@loop.service[0m - Load Kernel Module loop.
[[0;32m  OK  [0m] Mounted [0;1;39msys-kernel-config.mount[0m - Kernel Configuration File System.
[[0;32m  OK  [0m] Finished [0;1;39mmodprobe@fuse.service[0m - Load Kernel Module fuse.
[[0;32m  OK  [0m] Finished [0;1;39msystemd-fsck-root.service[0m - File System Check on Root Device.
[    2.219712] pstore: Registered efi_pstore as persistent store backend
         Mounting [0;1;39msys-fs-fuse-connections.mount[0m - FUSE Control File System...
         Starting [0;1;39msystemd-remount-fs.servic…[0munt Root and Kernel File Systems...
[[0;32m  OK  [0m] Finished [0;1;39mmodprobe@efi_pstore.service[0m - Load Kernel Module efi_pstore.
[[0;32m  OK  [0m] Mounted [0;1;39msys-fs-fuse-connections.mount[0m - FUSE Control File System.
[[0;32m  OK  [0m] Finished [0;1;39msystemd-modules-load.service[0m - Load Kernel Modules.
         Starting [0;1;39msystemd-sysctl.service[0m - Apply Kernel Variables...
[[0;32m  OK  [0m] Finished [0;1;39msystemd-tmpfiles-setup-de…[0mic Device Nodes in /dev gracefully.
[[0;32m  OK  [0m] Finished [0;1;39msystemd-sysctl.service[0m - Apply Kernel Variables.
[[0;32m  OK  [0m] Finished [0;1;39mkeyboard-setup.service[0m - Set the console keyboard layout.
[[0;32m  OK  [0m] Finished [0;1;39msystemd-remount-fs.servic…[0mmount Root and Kernel File Systems.
         Starting [0;1;39mmultipathd.service[0m - Devi…pper Multipath Device Controller...
         Starting [0;1;39msystemd-journal-flush.ser…[0msh Journal to Persistent Storage...
         Starting [0;1;39msystemd-random-seed.service[0m - Load/Save OS Random Seed...
         Starting [0;1;39msystemd-tmpfiles-setup-de…[0meate Static Device Nodes in /dev...
[[0;32m  OK  [0m] Finished [0;1;39msystemd-udev-trigger.service[0m - Coldplug All udev Devices.
[[0;32m  OK  [0m] Finished [0;1;39msystemd-tmpfiles-setup-de…[0mCreate Static Device Nodes in /dev.
         Starting [0;1;39msystemd-udevd.service[0m - R…ager for Device Events and Files...
[[0;32m  OK  [0m] Finished [0;1;39msystemd-random-seed.service[0m - Load/Save OS Random Seed.
[[0;32m  OK  [0m] Started [0;1;39mmultipathd.service[0m - Devic…Mapper Multipath Device Controller.
[[0;32m  OK  [0m] Reached target [0;1;39mlocal-fs-pre.target[0m…Preparation for Local File Systems.
         Mounting [0;1;39msnap-amazon\x2dssm\x2dage…[0mamazon-ssm-agent, revision 12322...
         Mounting [0;1;39msnap-amazon\x2dssm\x2dage…[0mamazon-ssm-agent, revision 13009...
         Mounting [0;1;39msnap-core22-2339.mount[0m - …t unit for core22, revision 2339...
         Mounting [0;1;39msnap-core22-2411.mount[0m - …t unit for core22, revision 2411...
         Mounting [0;1;39msnap-snapd-25935.mount[0m - …t unit for snapd, revision 25935...
         Mounting [0;1;39msnap-snapd-26382.mount[0m - …t unit for snapd, revision 26382...
[[0;32m  OK  [0m] Mounted [0;1;39msnap-amazon\x2dssm\x2dagen…[0mr amazon-ssm-agent, revision 12322.
[[0;32m  OK  [0m] Mounted [0;1;39msnap-amazon\x2dssm\x2dagen…[0mr amazon-ssm-agent, revision 13009.
[[0;32m  OK  [0m] Mounted [0;1;39msnap-core22-2411.mount[0m - Mount unit for core22, revision 2411.
[[0;32m  OK  [0m] Mounted [0;1;39msnap-core22-2339.mount[0m - Mount unit for core22, revision 2339.
[[0;32m  OK  [0m] Mounted [0;1;39msnap-snapd-25935.mount[0m - Mount unit for snapd, revision 25935.
[[0;32m  OK  [0m] Mounted [0;1;39msnap-snapd-26382.mount[0m - Mount unit for snapd, revision 26382.
[[0;32m  OK  [0m] Reached target [0;1;39msnapd.mounts.target[0m - Mounted snaps.
[[0;32m  OK  [0m] Started [0;1;39msystemd-udevd.service[0m - Ru…anager for Device Events and Files.
[[0;32m  OK  [0m] Started [0;1;39msystemd-ask-password-conso…[0mequests to Console Directory Watch.
[[0;32m  OK  [0m] Reached target [0;1;39mcryptsetup.target[0m - Local Encrypted Volumes.
[[0;32m  OK  [0m] Found device [0;1;39mdev-ttyS0.device[0m - /dev/ttyS0.
[[0;32m  OK  [0m] Found device [0;1;39mdev-disk-by\x2dlabel-…[0m - Amazon Elastic Block Store UEFI.
         Starting [0;1;39msystemd-fsck@dev-disk-by\…[0mCheck on /dev/disk/by-label/UEFI...
[[0;32m  OK  [0m] Found device [0;1;39mdev-disk-by\x2dlabel-…[0m - Amazon Elastic Block Store BOOT.
         Starting [0;1;39msystemd-fsck@dev-disk-by\…[0mCheck on /dev/disk/by-label/BOOT...
Checking in progress on 1 disk (0.0% complete)[[0;32m  OK  [0m] Finished [0;1;39msystemd-fsck@dev-disk-by\…[0mm Check on /dev/disk/by-label/UEFI.
[[0;32m  OK  [0m] Listening on [0;1;39msystemd-rfkill.socket[0m…ll Switch Status /dev/rfkill Watch.
Checking in progress on 0 disks (100.0% complete)[[0;32m  OK  [0m] Finished [0;1;39msystemd-fsck@dev-disk-by\…[0mm Check on /dev/disk/by-label/BOOT.
         Mounting [0;1;39mboot.mount[0m - /boot...
[[0;32m  OK  [0m] Mounted [0;1;39mboot.mount[0m - /boot.
         Mounting [0;1;39mboot-efi.mount[0m - /boot/efi...
[[0;32m  OK  [0m] Mounted [0;1;39mboot-efi.mount[0m - /boot/efi.
[[0;32m  OK  [0m] Reached target [0;1;39mlocal-fs.target[0m - Local File Systems.
[[0;32m  OK  [0m] Listening on [0;1;39msystemd-sysext.socket[0m…tension Image Management (Varlink).
         Starting [0;1;39mapparmor.service[0m - Load AppArmor profiles...
         Starting [0;1;39mconsole-setup.service[0m - Set console font and keymap...
         Starting [0;1;39mfinalrd.service[0m - Create …time dir for shutdown pivot root...
         Starting [0;1;39mplymouth-read-write.servi…[0mymouth To Write Out Runtime Data...
         Starting [0;1;39msystemd-binfmt.service[0m - Set Up Additional Binary Formats...
         Starting [0;1;39mufw.service[0m - Uncomplicated firewall...
[[0;32m  OK  [0m] Finished [0;1;39mconsole-setup.service[0m - Set console font and keymap.
[[0;32m  OK  [0m] Finished [0;1;39mfinalrd.service[0m - Create …untime dir for shutdown pivot root.
         Mounting [0;1;39mproc-sys-fs-binfmt_misc.m…[0mcutable File Formats File System...
[[0;32m  OK  [0m] Finished [0;1;39mufw.service[0m - Uncomplicated firewall.
[[0;32m  OK  [0m] Finished [0;1;39mplymouth-read-write.servi…[0mPlymouth To Write Out Runtime Data.
[[0;32m  OK  [0m] Mounted [0;1;39mproc-sys-fs-binfmt_misc.mo…[0mxecutable File Formats File System.
[[0;32m  OK  [0m] Finished [0;1;39msystemd-binfmt.service[0m - Set Up Additional Binary Formats.
[[0;32m  OK  [0m] Finished [0;1;39msystemd-journal-flush.ser…[0mlush Journal to Persistent Storage.
         Starting [0;1;39msystemd-tmpfiles-setup.se…[0me Volatile Files and Directories...
[[0;32m  OK  [0m] Finished [0;1;39msystemd-tmpfiles-setup.se…[0mate Volatile Files and Directories.
         Starting [0;1;39msystemd-resolved.service[0m - Network Name Resolution...
         Starting [0;1;39msystemd-update-utmp.servi…[0mord System Boot/Shutdown in UTMP...
[[0;32m  OK  [0m] Finished [0;1;39msystemd-update-utmp.servi…[0mecord System Boot/Shutdown in UTMP.
[[0;32m  OK  [0m] Finished [0;1;39mapparmor.service[0m - Load AppArmor profiles.
         Starting [0;1;39msnapd.apparmor.service[0m - …iles managed internally by snapd...
         Starting [0;1;39mcloud-init-local.service[0m …-init: Local Stage (pre-network)...
[[0;32m  OK  [0m] Started [0;1;39msystemd-resolved.service[0m - Network Name Resolution.
[[0;32m  OK  [0m] Reached target [0;1;39mnss-lookup.target[0m - Host and Network Name Lookups.
[[0;32m  OK  [0m] Finished [0;1;39msnapd.apparmor.service[0m - …ofiles managed internally by snapd.
[    4.409899] cloud-init[465]: Cloud-init v. 25.1.4-0ubuntu0~24.04.1 running 'init-local' at Tue, 14 Apr 2026 21:11:53 +0000. Up 4.39 seconds.
[[0;32m  OK  [0m] Finished [0;1;39mcloud-init-local.service[0m …ud-init: Local Stage (pre-network).
[[0;32m  OK  [0m] Reached target [0;1;39mnetwork-pre.target[0m - Preparation for Network.
         Starting [0;1;39msystemd-networkd.service[0m - Network Configuration...
[[0;32m  OK  [0m] Started [0;1;39msystemd-networkd.service[0m - Network Configuration.
[[0;32m  OK  [0m] Reached target [0;1;39mnetwork.target[0m - Network.
         Starting [0;1;39mcloud-init.service[0m - Cloud-init: Network Stage...
[    5.959921] cloud-init[498]: Cloud-init v. 25.1.4-0ubuntu0~24.04.1 running 'init' at Tue, 14 Apr 2026 21:11:55 +0000. Up 5.94 seconds.
[    5.970049] cloud-init[498]: ci-info: ++++++++++++++++++++++++++++++++++++++Net device info+++++++++++++++++++++++++++++++++++++++
[    5.972246] cloud-init[498]: ci-info: +--------+------+-----------------------------+---------------+--------+-------------------+
[    5.974306] cloud-init[498]: ci-info: | Device |  Up  |           Address           |      Mask     | Scope  |     Hw-Address    |
[    5.976371] cloud-init[498]: ci-info: +--------+------+-----------------------------+---------------+--------+-------------------+
[    5.978433] cloud-init[498]: ci-info: |  enX0  | True |         172.31.4.238        | 255.255.240.0 | global | 0a:16:2e:d0:3d:77 |
[    5.980515] cloud-init[498]: ci-info: |  enX0  | True | fe80::816:2eff:fed0:3d77/64 |       .       |  link  | 0a:16:2e:d0:3d:77 |
[    5.982542] cloud-init[498]: ci-info: |   lo   | True |          127.0.0.1          |   255.0.0.0   |  host  |         .         |
[    5.984545] cloud-init[498]: ci-info: |   lo   | True |           ::1/128           |       .       |  host  |         .         |
[    5.986591] cloud-init[498]: ci-info: +--------+------+-----------------------------+---------------+--------+-------------------+
[    5.988602] cloud-init[498]: ci-info: +++++++++++++++++++++++++++++Route IPv4 info++++++++++++++++++++++++++++++
[    5.990346] cloud-init[498]: ci-info: +-------+-------------+------------+-----------------+-----------+-------+
[    5.992132] cloud-init[498]: ci-info: | Route | Destination |  Gateway   |     Genmask     | Interface | Flags |
[    5.993906] cloud-init[498]: ci-info: +-------+-------------+------------+-----------------+-----------+-------+
[    5.995657] cloud-init[498]: ci-info: |   0   |   0.0.0.0   | 172.31.0.1 |     0.0.0.0     |    enX0   |   UG  |
[    5.997414] cloud-init[498]: ci-info: |   1   |  172.31.0.0 |  0.0.0.0   |  255.255.240.0  |    enX0   |   U   |
[    5.999150] cloud-init[498]: ci-info: |   2   |  172.31.0.1 |  0.0.0.0   | 255.255.255.255 |    enX0   |   UH  |
[    6.000943] cloud-init[498]: ci-info: |   3   |  172.31.0.2 |  0.0.0.0   | 255.255.255.255 |    enX0   |   UH  |
[    6.002710] cloud-init[498]: ci-info: +-------+-------------+------------+-----------------+-----------+-------+
[    6.004483] cloud-init[498]: ci-info: +++++++++++++++++++Route IPv6 info+++++++++++++++++++
[    6.005960] cloud-init[498]: ci-info: +-------+-------------+---------+-----------+-------+
[    6.007464] cloud-init[498]: ci-info: | Route | Destination | Gateway | Interface | Flags |
[    6.008937] cloud-init[498]: ci-info: +-------+-------------+---------+-----------+-------+
[    6.010366] cloud-init[498]: ci-info: |   0   |  fe80::/64  |    ::   |    enX0   |   U   |
[    6.011814] cloud-init[498]: ci-info: |   2   |  multicast  |    ::   |    enX0   |   U   |
[    6.013263] cloud-init[498]: ci-info: +-------+-------------+---------+-----------+-------+
[[0;32m  OK  [0m] Finished [0;1;39mcloud-init.service[0m - Cloud-init: Network Stage.
[[0;32m  OK  [0m] Reached target [0;1;39mcloud-config.target[0m - Cloud-config availability.
[[0;32m  OK  [0m] Reached target [0;1;39mnetwork-online.target[0m - Network is Online.
[[0;32m  OK  [0m] Reached target [0;1;39msysinit.target[0m - System Initialization.
[[0;32m  OK  [0m] Started [0;1;39macpid.path[0m - ACPI Events Check.
[[0;32m  OK  [0m] Started [0;1;39msystemd-tmpfiles-clean.tim…[0my Cleanup of Temporary Directories.
[[0;32m  OK  [0m] Started [0;1;39mupdate-notifier-download.t…[0mhat failed at package install time.
[[0;32m  OK  [0m] Reached target [0;1;39mpaths.target[0m - Path Units.
[[0;32m  OK  [0m] Listening on [0;1;39macpid.socket[0m - ACPID Listen Socket.
[[0;32m  OK  [0m] Listening on [0;1;39mcloud-init-hotplugd.s…t[0m - cloud-init hotplug hook socket.
[[0;32m  OK  [0m] Listening on [0;1;39mdbus.socket[0m - D-Bus System Message Bus Socket.
         Starting [0;1;39mdocker.socket[0m - Docker Socket for the API...
[[0;32m  OK  [0m] Listening on [0;1;39miscsid.socket[0m - Open-iSCSI iscsid Socket.
         Starting [0;1;39mlxd-installer.socket[0m - He…er to install lxd snap on demand...
         Starting [0;1;39msnapd.socket[0m - Socket activation for snappy daemon...
[[0;32m  OK  [0m] Listening on [0;1;39mssh.socket[0m - OpenBSD Secure Shell server socket.
[[0;32m  OK  [0m] Listening on [0;1;39muuidd.socket[0m - UUID daemon activation socket.
[[0;32m  OK  [0m] Reached target [0;1;39mremote-fs-pre.targe…[0mreparation for Remote File Systems.
[[0;32m  OK  [0m] Reached target [0;1;39mremote-fs.target[0m - Remote File Systems.
[[0;32m  OK  [0m] Finished [0;1;39mblk-availability.service[0m - Availability of block devices.
[[0;32m  OK  [0m] Listening on [0;1;39mdocker.socket[0m - Docker Socket for the API.
[[0;32m  OK  [0m] Listening on [0;1;39mlxd-installer.socket[0m …lper to install lxd snap on demand.
[[0;32m  OK  [0m] Listening on [0;1;39msnapd.socket[0m - Socket activation for snappy daemon.
[[0;32m  OK  [0m] Reached target [0;1;39msockets.target[0m - Socket Units.
[[0;32m  OK  [0m] Reached target [0;1;39mbasic.target[0m - Basic System.
[[0;32m  OK  [0m] Started [0;1;39macpid.service[0m - ACPI event daemon.
         Starting [0;1;39mapport.service[0m - automatic crash report generation...
         Starting [0;1;39mchrony.service[0m - chrony, an NTP client/server...
         Starting [0;1;39mcloud-config.service[0m - Cloud-init: Config Stage...
[[0;32m  OK  [0m] Started [0;1;39mcron.service[0m - Regular background program processing daemon.
         Starting [0;1;39mdbus.service[0m - D-Bus System Message Bus...
[[0;32m  OK  [0m] Started [0;1;39mdmesg.service[0m - Save initial kernel messages after boot.
         Starting [0;1;39me2scrub_reap.service[0m - Re…ne ext4 Metadata Check Snapshots...
         Starting [0;1;39mec2-instance-connect-harv…[0mance Connect Host Key Harvesting...
         Starting [0;1;39mgrub-common.service[0m - Record successful boot for GRUB...
[[0;32m  OK  [0m] Started [0;1;39mirqbalance.service[0m - irqbalance daemon.
         Starting [0;1;39mnetworkd-dispatcher.servi…[0mcher daemon for systemd-networkd...
         Starting [0;1;39mnginx.service[0m - A high pe…erver and a reverse proxy server...
         Starting [0;1;39mpolkit.service[0m - Authorization Manager...
         Starting [0;1;39mrsyslog.service[0m - System Logging Service...
[[0;32m  OK  [0m] Started [0;1;39msnap.amazon-ssm-agent.amaz…[0m amazon-ssm-agent.amazon-ssm-agent.
[[0;32m  OK  [0m] Reached target [0;1;39mgetty-pre.target[0m - Preparation for Logins.
         Starting [0;1;39msnapd.seeded.service[0m - Wait until snapd is fully seeded...
         Starting [0;1;39msnapd.service[0m - Snap Daemon...
         Starting [0;1;39msysstat.service[0m - Resets System Activity Logs...
         Starting [0;1;39msystemd-logind.service[0m - User Login Management...
         Starting [0;1;39msystemd-user-sessions.service[0m - Permit User Sessions...
         Starting [0;1;39mudisks2.service[0m - Disk Manager...
[[0;32m  OK  [0m] Started [0;1;39mdbus.service[0m - D-Bus System Message Bus.
         Starting [0;1;39mcontainerd.service[0m - containerd container runtime...
         Starting [0;1;39msystemd-hostnamed.service[0m - Hostname Service...
[[0;32m  OK  [0m] Finished [0;1;39msystemd-user-sessions.service[0m - Permit User Sessions.
         Starting [0;1;39mplymouth-quit-wait.servic…[0md until boot process finishes up...
         Starting [0;1;39mplymouth-quit.service[0m - Terminate Plymouth Boot Screen...
[[0;32m  OK  [0m] Finished [0;1;39msysstat.service[0m - Resets System Activity Logs.
[[0;32m  OK  [0m] Finished [0;1;39mplymouth-quit-wait.servic…[0mold until boot process finishes up.
[[0;32m  OK  [0m] Started [0;1;39mserial-getty@ttyS0.service[0m - Serial Getty on ttyS0.
         Starting [0;1;39msetvtrgb.service[0m - Set console scheme...
[[0;32m  OK  [0m] Finished [0;1;39mplymouth-quit.service[0m - Terminate Plymouth Boot Screen.
[[0;32m  OK  [0m] Finished [0;1;39me2scrub_reap.service[0m - Re…line ext4 Metadata Check Snapshots.
[[0;32m  OK  [0m] Finished [0;1;39mgrub-common.service[0m - Record successful boot for GRUB.
         Starting [0;1;39mgrub-initrd-fallback.service[0m - GRUB failed boot detection...
[[0;32m  OK  [0m] Finished [0;1;39msetvtrgb.service[0m - Set console scheme.
[[0;32m  OK  [0m] Created slice [0;1;39msystem-getty.slice[0m - Slice /system/getty.
[[0;32m  OK  [0m] Started [0;1;39mgetty@tty1.service[0m - Getty on tty1.
[[0;32m  OK  [0m] Reached target [0;1;39mgetty.target[0m - Login Prompts.
[[0;32m  OK  [0m] Finished [0;1;39mgrub-initrd-fallback.service[0m - GRUB failed boot detection.
[[0;32m  OK  [0m] Started [0;1;39msystemd-logind.service[0m - User Login Management.
[[0;32m  OK  [0m] Started [0;1;39munattended-upgrades.service[0m - Unattended Upgrades Shutdown.
[[0;32m  OK  [0m] Started [0;1;39mchrony.service[0m - chrony, an NTP client/server.
[[0;32m  OK  [0m] Reached target [0;1;39mtime-sync.target[0m - System Time Synchronized.
[[0;32m  OK  [0m] Started [0;1;39mapt-daily.timer[0m - Daily apt download activities.
[[0;32m  OK  [0m] Started [0;1;39mapt-daily-upgrade.timer[0m - …y apt upgrade and clean activities.
[[0;32m  OK  [0m] Started [0;1;39mdpkg-db-backup.timer[0m - Daily dpkg database backup timer.
[[0;32m  OK  [0m] Started [0;1;39me2scrub_all.timer[0m - Period…Metadata Check for All Filesystems.
[[0;32m  OK  [0m] Started [0;1;39mfstrim.timer[0m - Discard unused filesystem blocks once a week.
[[0;32m  OK  [0m] Started [0;1;39mfwupd-refresh.timer[0m - Refresh fwupd metadata regularly.
[[0;32m  OK  [0m] Started [0;1;39mlogrotate.timer[0m - Daily rotation of log files.
[[0;32m  OK  [0m] Started [0;1;39mman-db.timer[0m - Daily man-db regeneration.
[[0;32m  OK  [0m] Started [0;1;39mmotd-news.timer[0m - Message of the Day.
[[0;32m  OK  [0m] Started [0;1;39msysstat-collect.timer[0m - Ru…y accounting tool every 10 minutes.
[[0;32m  OK  [0m] Started [0;1;39msysstat-summary.timer[0m - Ge… of yesterday's process accounting.
[[0;32m  OK  [0m] Started [0;1;39mupdate-notifier-motd.timer[0m… a new version of Ubuntu available.
[[0;32m  OK  [0m] Reached target [0;1;39mtimers.target[0m - Timer Units.
[[0;32m  OK  [0m] Started [0;1;39mnginx.service[0m - A high per… server and a reverse proxy server.
[[0;32m  OK  [0m] Started [0;1;39mpolkit.service[0m - Authorization Manager.
         Starting [0;1;39mModemManager.service[0m - Modem Manager...
[[0;32m  OK  [0m] Started [0;1;39msystemd-hostnamed.service[0m - Hostname Service.
[[0;32m  OK  [0m] Started [0;1;39mudisks2.service[0m - Disk Manager.
[[0;32m  OK  [0m] Started [0;1;39mnetworkd-dispatcher.servic…[0matcher daemon for systemd-networkd.
[[0;32m  OK  [0m] Started [0;1;39mModemManager.service[0m - Modem Manager.
[[0;32m  OK  [0m] Started [0;1;39mrsyslog.service[0m - System Logging Service.
[[0;32m  OK  [0m] Started [0;1;39mcontainerd.service[0m - containerd container runtime.
         Starting [0;1;39mdocker.service[0m - Docker Application Container Engine...
[[0;32m  OK  [0m] Finished [0;1;39mec2-instance-connect-harv…[0mstance Connect Host Key Harvesting.
[[0;32m  OK  [0m] Finished [0;1;39mapport.service[0m - automatic crash report generation.
[    8.355558] cloud-init[784]: Cloud-init v. 25.1.4-0ubuntu0~24.04.1 running 'modules:config' at Tue, 14 Apr 2026 21:11:57 +0000. Up 8.27 seconds.
[[0;32m  OK  [0m] Finished [0;1;39mcloud-config.service[0m - Cloud-init: Config Stage.
         Starting [0;1;39mhibinit-agent.service[0m - E…instance hibernation setup agent...
[[0;32m  OK  [0m] Started [0;1;39mhibinit-agent.service[0m - EC2 instance hibernation setup agent.
         Starting [0;1;39mssh.service[0m - OpenBSD Secure Shell server...
[[0;32m  OK  [0m] Started [0;1;39mssh.service[0m - OpenBSD Secure Shell server.
[[0;32m  OK  [0m] Created slice [0;1;39muser-1000.slice[0m - User Slice of UID 1000.
         Starting [0;1;39muser-runtime-dir@1000.ser…[0mRuntime Directory /run/user/1000...
[[0;32m  OK  [0m] Finished [0;1;39muser-runtime-dir@1000.ser…[0mr Runtime Directory /run/user/1000.
         Starting [0;1;39muser@1000.service[0m - User Manager for UID 1000...
[[0;32m  OK  [0m] Started [0;1;39muser@1000.service[0m - User Manager for UID 1000.
[[0;32m  OK  [0m] Started [0;1;39msession-1.scope[0m - Session 1 of User ubuntu.
[[0;32m  OK  [0m] Started [0;1;39msnapd.service[0m - Snap Daemon.
         Starting [0;1;39msystemd-timedated.service[0m - Time & Date Service...
2026/04/14 21:12:00Z: SSM Agent unable to acquire credentials: <error>no valid credentials could be retrieved for ec2 identity. Default Host Management Err: error calling RequestManagedInstanceRoleToken: AccessDeniedException: Systems Manager's instance management role is not configured for account: 205930608934
	status code: 400, request id: 47458881-7fd8-48d2-922c-f9ee251820c0</error>

Ubuntu 24.04.2 LTS ip-172-31-4-238 ttyS0
ip-172-31-4-238 login: [   14.326409] cloud-init[1811]: Cloud-init v. 25.1.4-0ubuntu0~24.04.1 running 'modules:final' at Tue, 14 Apr 2026 21:12:04 +0000. Up 14.15 seconds.
[   14.455246] cloud-init[1811]: Cloud-init v. 25.1.4-0ubuntu0~24.04.1 finished at Tue, 14 Apr 2026 21:12:05 +0000. Datasource DataSourceEc2Local.  Up 14.43 seconds
                                                   [554911.965323] Out of memory: Killed process 1081862 (systemd) total-vm:20396kB, anon-rss:2048kB, file-rss:3088kB, shmem-rss:0kB, UID:1000 pgtables:80kB oom_score_adj:100
[555796.094412] Out of memory: Killed process 1981413 (next-server) total-vm:21718800kB, anon-rss:64944kB, file-rss:20kB, shmem-rss:0kB, UID:0 pgtables:2104kB oom_score_adj:0
